---
source: tigerc/tests/test_compile.rs
expression: "String::from_utf8_lossy(&output.stdout)"
---
 O . . . . . . .
 . . . . O . . .
 . . . . . . . O
 . . . . . O . .
 . . O . . . . .
 . . . . . . O .
 . O . . . . . .
 . . . O . . . .

 O . . . . . . .
 . . . . . O . .
 . . . . . . . O
 . . O . . . . .
 . . . . . . O .
 . . . O . . . .
 . O . . . . . .
 . . . . O . . .

 O . . . . . . .
 . . . . . . O .
 . . . O . . . .
 . . . . . O . .
 . . . . . . . O
 . O . . . . . .
 . . . . O . . .
 . . O . . . . .

 O . . . . . . .
 . . . . . . O .
 . . . . O . . .
 . . . . . . . O
 . O . . . . . .
 . . . O . . . .
 . . . . . O . .
 . . O . . . . .

 . O . . . . . .
 . . . O . . . .
 . . . . . O . .
 . . . . . . . O
 . . O . . . . .
 O . . . . . . .
 . . . . . . O .
 . . . . O . . .

 . O . . . . . .
 . . . . O . . .
 . . . . . . O .
 O . . . . . . .
 . . O . . . . .
 . . . . . . . O
 . . . . . O . .
 . . . O . . . .

 . O . . . . . .
 . . . . O . . .
 . . . . . . O .
 . . . O . . . .
 O . . . . . . .
 . . . . . . . O
 . . . . . O . .
 . . O . . . . .

 . O . . . . . .
 . . . . . O . .
 O . . . . . . .
 . . . . . . O .
 . . . O . . . .
 . . . . . . . O
 . . O . . . . .
 . . . . O . . .

 . O . . . . . .
 . . . . . O . .
 . . . . . . . O
 . . O . . . . .
 O . . . . . . .
 . . . O . . . .
 . . . . . . O .
 . . . . O . . .

 . O . . . . . .
 . . . . . . O .
 . . O . . . . .
 . . . . . O . .
 . . . . . . . O
 . . . . O . . .
 O . . . . . . .
 . . . O . . . .

 . O . . . . . .
 . . . . . . O .
 . . . . O . . .
 . . . . . . . O
 O . . . . . . .
 . . . O . . . .
 . . . . . O . .
 . . O . . . . .

 . O . . . . . .
 . . . . . . . O
 . . . . . O . .
 O . . . . . . .
 . . O . . . . .
 . . . . O . . .
 . . . . . . O .
 . . . O . . . .

 . . O . . . . .
 O . . . . . . .
 . . . . . . O .
 . . . . O . . .
 . . . . . . . O
 . O . . . . . .
 . . . O . . . .
 . . . . . O . .

 . . O . . . . .
 . . . . O . . .
 . O . . . . . .
 . . . . . . . O
 O . . . . . . .
 . . . . . . O .
 . . . O . . . .
 . . . . . O . .

 . . O . . . . .
 . . . . O . . .
 . O . . . . . .
 . . . . . . . O
 . . . . . O . .
 . . . O . . . .
 . . . . . . O .
 O . . . . . . .

 . . O . . . . .
 . . . . O . . .
 . . . . . . O .
 O . . . . . . .
 . . . O . . . .
 . O . . . . . .
 . . . . . . . O
 . . . . . O . .

 . . O . . . . .
 . . . . O . . .
 . . . . . . . O
 . . . O . . . .
 O . . . . . . .
 . . . . . . O .
 . O . . . . . .
 . . . . . O . .

 . . O . . . . .
 . . . . . O . .
 . O . . . . . .
 . . . . O . . .
 . . . . . . . O
 O . . . . . . .
 . . . . . . O .
 . . . O . . . .

 . . O . . . . .
 . . . . . O . .
 . O . . . . . .
 . . . . . . O .
 O . . . . . . .
 . . . O . . . .
 . . . . . . . O
 . . . . O . . .

 . . O . . . . .
 . . . . . O . .
 . O . . . . . .
 . . . . . . O .
 . . . . O . . .
 O . . . . . . .
 . . . . . . . O
 . . . O . . . .

 . . O . . . . .
 . . . . . O . .
 . . . O . . . .
 O . . . . . . .
 . . . . . . . O
 . . . . O . . .
 . . . . . . O .
 . O . . . . . .

 . . O . . . . .
 . . . . . O . .
 . . . O . . . .
 . O . . . . . .
 . . . . . . . O
 . . . . O . . .
 . . . . . . O .
 O . . . . . . .

 . . O . . . . .
 . . . . . O . .
 . . . . . . . O
 O . . . . . . .
 . . . O . . . .
 . . . . . . O .
 . . . . O . . .
 . O . . . . . .

 . . O . . . . .
 . . . . . O . .
 . . . . . . . O
 O . . . . . . .
 . . . . O . . .
 . . . . . . O .
 . O . . . . . .
 . . . O . . . .

 . . O . . . . .
 . . . . . O . .
 . . . . . . . O
 . O . . . . . .
 . . . O . . . .
 O . . . . . . .
 . . . . . . O .
 . . . . O . . .

 . . O . . . . .
 . . . . . . O .
 . O . . . . . .
 . . . . . . . O
 . . . . O . . .
 O . . . . . . .
 . . . O . . . .
 . . . . . O . .

 . . O . . . . .
 . . . . . . O .
 . O . . . . . .
 . . . . . . . O
 . . . . . O . .
 . . . O . . . .
 O . . . . . . .
 . . . . O . . .

 . . O . . . . .
 . . . . . . . O
 . . . O . . . .
 . . . . . . O .
 O . . . . . . .
 . . . . . O . .
 . O . . . . . .
 . . . . O . . .

 . . . O . . . .
 O . . . . . . .
 . . . . O . . .
 . . . . . . . O
 . O . . . . . .
 . . . . . . O .
 . . O . . . . .
 . . . . . O . .

 . . . O . . . .
 O . . . . . . .
 . . . . O . . .
 . . . . . . . O
 . . . . . O . .
 . . O . . . . .
 . . . . . . O .
 . O . . . . . .

 . . . O . . . .
 . O . . . . . .
 . . . . O . . .
 . . . . . . . O
 . . . . . O . .
 O . . . . . . .
 . . O . . . . .
 . . . . . . O .

 . . . O . . . .
 . O . . . . . .
 . . . . . . O .
 . . O . . . . .
 . . . . . O . .
 . . . . . . . O
 O . . . . . . .
 . . . . O . . .

 . . . O . . . .
 . O . . . . . .
 . . . . . . O .
 . . O . . . . .
 . . . . . O . .
 . . . . . . . O
 . . . . O . . .
 O . . . . . . .

 . . . O . . . .
 . O . . . . . .
 . . . . . . O .
 . . . . O . . .
 O . . . . . . .
 . . . . . . . O
 . . . . . O . .
 . . O . . . . .

 . . . O . . . .
 . O . . . . . .
 . . . . . . . O
 . . . . O . . .
 . . . . . . O .
 O . . . . . . .
 . . O . . . . .
 . . . . . O . .

 . . . O . . . .
 . O . . . . . .
 . . . . . . . O
 . . . . . O . .
 O . . . . . . .
 . . O . . . . .
 . . . . O . . .
 . . . . . . O .

 . . . O . . . .
 . . . . . O . .
 O . . . . . . .
 . . . . O . . .
 . O . . . . . .
 . . . . . . . O
 . . O . . . . .
 . . . . . . O .

 . . . O . . . .
 . . . . . O . .
 . . . . . . . O
 . O . . . . . .
 . . . . . . O .
 O . . . . . . .
 . . O . . . . .
 . . . . O . . .

 . . . O . . . .
 . . . . . O . .
 . . . . . . . O
 . . O . . . . .
 O . . . . . . .
 . . . . . . O .
 . . . . O . . .
 . O . . . . . .

 . . . O . . . .
 . . . . . . O .
 O . . . . . . .
 . . . . . . . O
 . . . . O . . .
 . O . . . . . .
 . . . . . O . .
 . . O . . . . .

 . . . O . . . .
 . . . . . . O .
 . . O . . . . .
 . . . . . . . O
 . O . . . . . .
 . . . . O . . .
 O . . . . . . .
 . . . . . O . .

 . . . O . . . .
 . . . . . . O .
 . . . . O . . .
 . O . . . . . .
 . . . . . O . .
 O . . . . . . .
 . . O . . . . .
 . . . . . . . O

 . . . O . . . .
 . . . . . . O .
 . . . . O . . .
 . . O . . . . .
 O . . . . . . .
 . . . . . O . .
 . . . . . . . O
 . O . . . . . .

 . . . O . . . .
 . . . . . . . O
 O . . . . . . .
 . . O . . . . .
 . . . . . O . .
 . O . . . . . .
 . . . . . . O .
 . . . . O . . .

 . . . O . . . .
 . . . . . . . O
 O . . . . . . .
 . . . . O . . .
 . . . . . . O .
 . O . . . . . .
 . . . . . O . .
 . . O . . . . .

 . . . O . . . .
 . . . . . . . O
 . . . . O . . .
 . . O . . . . .
 O . . . . . . .
 . . . . . . O .
 . O . . . . . .
 . . . . . O . .

 . . . . O . . .
 O . . . . . . .
 . . . O . . . .
 . . . . . O . .
 . . . . . . . O
 . O . . . . . .
 . . . . . . O .
 . . O . . . . .

 . . . . O . . .
 O . . . . . . .
 . . . . . . . O
 . . . O . . . .
 . O . . . . . .
 . . . . . . O .
 . . O . . . . .
 . . . . . O . .

 . . . . O . . .
 O . . . . . . .
 . . . . . . . O
 . . . . . O . .
 . . O . . . . .
 . . . . . . O .
 . O . . . . . .
 . . . O . . . .

 . . . . O . . .
 . O . . . . . .
 . . . O . . . .
 . . . . . O . .
 . . . . . . . O
 . . O . . . . .
 O . . . . . . .
 . . . . . . O .

 . . . . O . . .
 . O . . . . . .
 . . . O . . . .
 . . . . . . O .
 . . O . . . . .
 . . . . . . . O
 . . . . . O . .
 O . . . . . . .

 . . . . O . . .
 . O . . . . . .
 . . . . . O . .
 O . . . . . . .
 . . . . . . O .
 . . . O . . . .
 . . . . . . . O
 . . O . . . . .

 . . . . O . . .
 . O . . . . . .
 . . . . . . . O
 O . . . . . . .
 . . . O . . . .
 . . . . . . O .
 . . O . . . . .
 . . . . . O . .

 . . . . O . . .
 . . O . . . . .
 O . . . . . . .
 . . . . . O . .
 . . . . . . . O
 . O . . . . . .
 . . . O . . . .
 . . . . . . O .

 . . . . O . . .
 . . O . . . . .
 O . . . . . . .
 . . . . . . O .
 . O . . . . . .
 . . . . . . . O
 . . . . . O . .
 . . . O . . . .

 . . . . O . . .
 . . O . . . . .
 . . . . . . . O
 . . . O . . . .
 . . . . . . O .
 O . . . . . . .
 . . . . . O . .
 . O . . . . . .

 . . . . O . . .
 . . . . . . O .
 O . . . . . . .
 . . O . . . . .
 . . . . . . . O
 . . . . . O . .
 . . . O . . . .
 . O . . . . . .

 . . . . O . . .
 . . . . . . O .
 O . . . . . . .
 . . . O . . . .
 . O . . . . . .
 . . . . . . . O
 . . . . . O . .
 . . O . . . . .

 . . . . O . . .
 . . . . . . O .
 . O . . . . . .
 . . . O . . . .
 . . . . . . . O
 O . . . . . . .
 . . O . . . . .
 . . . . . O . .

 . . . . O . . .
 . . . . . . O .
 . O . . . . . .
 . . . . . O . .
 . . O . . . . .
 O . . . . . . .
 . . . O . . . .
 . . . . . . . O

 . . . . O . . .
 . . . . . . O .
 . O . . . . . .
 . . . . . O . .
 . . O . . . . .
 O . . . . . . .
 . . . . . . . O
 . . . O . . . .

 . . . . O . . .
 . . . . . . O .
 . . . O . . . .
 O . . . . . . .
 . . O . . . . .
 . . . . . . . O
 . . . . . O . .
 . O . . . . . .

 . . . . O . . .
 . . . . . . . O
 . . . O . . . .
 O . . . . . . .
 . . O . . . . .
 . . . . . O . .
 . O . . . . . .
 . . . . . . O .

 . . . . O . . .
 . . . . . . . O
 . . . O . . . .
 O . . . . . . .
 . . . . . . O .
 . O . . . . . .
 . . . . . O . .
 . . O . . . . .

 . . . . . O . .
 O . . . . . . .
 . . . . O . . .
 . O . . . . . .
 . . . . . . . O
 . . O . . . . .
 . . . . . . O .
 . . . O . . . .

 . . . . . O . .
 . O . . . . . .
 . . . . . . O .
 O . . . . . . .
 . . O . . . . .
 . . . . O . . .
 . . . . . . . O
 . . . O . . . .

 . . . . . O . .
 . O . . . . . .
 . . . . . . O .
 O . . . . . . .
 . . . O . . . .
 . . . . . . . O
 . . . . O . . .
 . . O . . . . .

 . . . . . O . .
 . . O . . . . .
 O . . . . . . .
 . . . . . . O .
 . . . . O . . .
 . . . . . . . O
 . O . . . . . .
 . . . O . . . .

 . . . . . O . .
 . . O . . . . .
 O . . . . . . .
 . . . . . . . O
 . . . O . . . .
 . O . . . . . .
 . . . . . . O .
 . . . . O . . .

 . . . . . O . .
 . . O . . . . .
 O . . . . . . .
 . . . . . . . O
 . . . . O . . .
 . O . . . . . .
 . . . O . . . .
 . . . . . . O .

 . . . . . O . .
 . . O . . . . .
 . . . . O . . .
 . . . . . . O .
 O . . . . . . .
 . . . O . . . .
 . O . . . . . .
 . . . . . . . O

 . . . . . O . .
 . . O . . . . .
 . . . . O . . .
 . . . . . . . O
 O . . . . . . .
 . . . O . . . .
 . O . . . . . .
 . . . . . . O .

 . . . . . O . .
 . . O . . . . .
 . . . . . . O .
 . O . . . . . .
 . . . O . . . .
 . . . . . . . O
 O . . . . . . .
 . . . . O . . .

 . . . . . O . .
 . . O . . . . .
 . . . . . . O .
 . O . . . . . .
 . . . . . . . O
 . . . . O . . .
 O . . . . . . .
 . . . O . . . .

 . . . . . O . .
 . . O . . . . .
 . . . . . . O .
 . . . O . . . .
 O . . . . . . .
 . . . . . . . O
 . O . . . . . .
 . . . . O . . .

 . . . . . O . .
 . . . O . . . .
 O . . . . . . .
 . . . . O . . .
 . . . . . . . O
 . O . . . . . .
 . . . . . . O .
 . . O . . . . .

 . . . . . O . .
 . . . O . . . .
 . O . . . . . .
 . . . . . . . O
 . . . . O . . .
 . . . . . . O .
 O . . . . . . .
 . . O . . . . .

 . . . . . O . .
 . . . O . . . .
 . . . . . . O .
 O . . . . . . .
 . . O . . . . .
 . . . . O . . .
 . O . . . . . .
 . . . . . . . O

 . . . . . O . .
 . . . O . . . .
 . . . . . . O .
 O . . . . . . .
 . . . . . . . O
 . O . . . . . .
 . . . . O . . .
 . . O . . . . .

 . . . . . O . .
 . . . . . . . O
 . O . . . . . .
 . . . O . . . .
 O . . . . . . .
 . . . . . . O .
 . . . . O . . .
 . . O . . . . .

 . . . . . . O .
 O . . . . . . .
 . . O . . . . .
 . . . . . . . O
 . . . . . O . .
 . . . O . . . .
 . O . . . . . .
 . . . . O . . .

 . . . . . . O .
 . O . . . . . .
 . . . O . . . .
 O . . . . . . .
 . . . . . . . O
 . . . . O . . .
 . . O . . . . .
 . . . . . O . .

 . . . . . . O .
 . O . . . . . .
 . . . . . O . .
 . . O . . . . .
 O . . . . . . .
 . . . O . . . .
 . . . . . . . O
 . . . . O . . .

 . . . . . . O .
 . . O . . . . .
 O . . . . . . .
 . . . . . O . .
 . . . . . . . O
 . . . . O . . .
 . O . . . . . .
 . . . O . . . .

 . . . . . . O .
 . . O . . . . .
 . . . . . . . O
 . O . . . . . .
 . . . . O . . .
 O . . . . . . .
 . . . . . O . .
 . . . O . . . .

 . . . . . . O .
 . . . O . . . .
 . O . . . . . .
 . . . . O . . .
 . . . . . . . O
 O . . . . . . .
 . . O . . . . .
 . . . . . O . .

 . . . . . . O .
 . . . O . . . .
 . O . . . . . .
 . . . . . . . O
 . . . . . O . .
 O . . . . . . .
 . . O . . . . .
 . . . . O . . .

 . . . . . . O .
 . . . . O . . .
 . . O . . . . .
 O . . . . . . .
 . . . . . O . .
 . . . . . . . O
 . O . . . . . .
 . . . O . . . .

 . . . . . . . O
 . O . . . . . .
 . . . O . . . .
 O . . . . . . .
 . . . . . . O .
 . . . . O . . .
 . . O . . . . .
 . . . . . O . .

 . . . . . . . O
 . O . . . . . .
 . . . . O . . .
 . . O . . . . .
 O . . . . . . .
 . . . . . . O .
 . . . O . . . .
 . . . . . O . .

 . . . . . . . O
 . . O . . . . .
 O . . . . . . .
 . . . . . O . .
 . O . . . . . .
 . . . . O . . .
 . . . . . . O .
 . . . O . . . .

 . . . . . . . O
 . . . O . . . .
 O . . . . . . .
 . . O . . . . .
 . . . . . O . .
 . O . . . . . .
 . . . . . . O .
 . . . . O . . .
