---
source: tigerc/tests/test_tokenizer.rs
expression: "tokenize_snapshot(\"tests/testcases/test18.tig\")"
---
Posed { node: Ident(let), pos: Pos { line: 2, column: 1 } }
Posed { node: Ident(function), pos: Pos { line: 4, column: 1 } }
Posed { node: Ident(do_nothing1), pos: Pos { line: 4, column: 10 } }
Posed { node: OpenParen, pos: Pos { line: 4, column: 21 } }
Posed { node: Ident(a), pos: Pos { line: 4, column: 22 } }
Posed { node: Colon, pos: Pos { line: 4, column: 23 } }
Posed { node: Ident(int), pos: Pos { line: 4, column: 25 } }
Posed { node: Comma, pos: Pos { line: 4, column: 28 } }
Posed { node: Ident(b), pos: Pos { line: 4, column: 30 } }
Posed { node: Colon, pos: Pos { line: 4, column: 31 } }
Posed { node: Ident(string), pos: Pos { line: 4, column: 33 } }
Posed { node: CloseParen, pos: Pos { line: 4, column: 39 } }
Posed { node: Colon, pos: Pos { line: 4, column: 40 } }
Posed { node: Ident(int), pos: Pos { line: 4, column: 41 } }
Posed { node: Eq, pos: Pos { line: 4, column: 44 } }
Posed { node: OpenParen, pos: Pos { line: 5, column: 9 } }
Posed { node: Ident(do_nothing2), pos: Pos { line: 5, column: 10 } }
Posed { node: OpenParen, pos: Pos { line: 5, column: 21 } }
Posed { node: Ident(a), pos: Pos { line: 5, column: 22 } }
Posed { node: Plus, pos: Pos { line: 5, column: 23 } }
Posed { node: Number(1), pos: Pos { line: 5, column: 24 } }
Posed { node: CloseParen, pos: Pos { line: 5, column: 25 } }
Posed { node: SemiColon, pos: Pos { line: 5, column: 26 } }
Posed { node: Number(0), pos: Pos { line: 5, column: 27 } }
Posed { node: CloseParen, pos: Pos { line: 5, column: 28 } }
Posed { node: Ident(var), pos: Pos { line: 7, column: 1 } }
Posed { node: Ident(d), pos: Pos { line: 7, column: 5 } }
Posed { node: Assign, pos: Pos { line: 7, column: 6 } }
Posed { node: Number(0), pos: Pos { line: 7, column: 8 } }
Posed { node: Ident(function), pos: Pos { line: 9, column: 1 } }
Posed { node: Ident(do_nothing2), pos: Pos { line: 9, column: 10 } }
Posed { node: OpenParen, pos: Pos { line: 9, column: 21 } }
Posed { node: Ident(d), pos: Pos { line: 9, column: 22 } }
Posed { node: Colon, pos: Pos { line: 9, column: 23 } }
Posed { node: Ident(int), pos: Pos { line: 9, column: 25 } }
Posed { node: CloseParen, pos: Pos { line: 9, column: 28 } }
Posed { node: Colon, pos: Pos { line: 9, column: 29 } }
Posed { node: Ident(string), pos: Pos { line: 9, column: 30 } }
Posed { node: Eq, pos: Pos { line: 9, column: 37 } }
Posed { node: OpenParen, pos: Pos { line: 10, column: 9 } }
Posed { node: Ident(do_nothing1), pos: Pos { line: 10, column: 10 } }
Posed { node: OpenParen, pos: Pos { line: 10, column: 21 } }
Posed { node: Ident(d), pos: Pos { line: 10, column: 22 } }
Posed { node: Comma, pos: Pos { line: 10, column: 23 } }
Posed { node: Str(str), pos: Pos { line: 10, column: 25 } }
Posed { node: CloseParen, pos: Pos { line: 10, column: 30 } }
Posed { node: SemiColon, pos: Pos { line: 10, column: 31 } }
Posed { node: Str( ), pos: Pos { line: 10, column: 32 } }
Posed { node: CloseParen, pos: Pos { line: 10, column: 35 } }
Posed { node: Ident(in), pos: Pos { line: 12, column: 1 } }
Posed { node: Ident(do_nothing1), pos: Pos { line: 13, column: 5 } }
Posed { node: OpenParen, pos: Pos { line: 13, column: 16 } }
Posed { node: Number(0), pos: Pos { line: 13, column: 17 } }
Posed { node: Comma, pos: Pos { line: 13, column: 18 } }
Posed { node: Str(str2), pos: Pos { line: 13, column: 20 } }
Posed { node: CloseParen, pos: Pos { line: 13, column: 26 } }
Posed { node: Ident(end), pos: Pos { line: 14, column: 1 } }
