---
source: tigerc/tests/test_tokenizer.rs
expression: "tokenize_snapshot(\"tests/testcases/queens.tig\")"
---
Posed { node: Ident(let), pos: Pos { line: 3, column: 1 } }
Posed { node: Ident(var), pos: Pos { line: 3, column: 5 } }
Posed { node: Ident(N), pos: Pos { line: 3, column: 9 } }
Posed { node: Assign, pos: Pos { line: 3, column: 11 } }
Posed { node: Number(8), pos: Pos { line: 3, column: 14 } }
Posed { node: Ident(type), pos: Pos { line: 5, column: 5 } }
Posed { node: Ident(intArray), pos: Pos { line: 5, column: 10 } }
Posed { node: Eq, pos: Pos { line: 5, column: 19 } }
Posed { node: Ident(array), pos: Pos { line: 5, column: 21 } }
Posed { node: Ident(of), pos: Pos { line: 5, column: 27 } }
Posed { node: Ident(int), pos: Pos { line: 5, column: 30 } }
Posed { node: Ident(var), pos: Pos { line: 7, column: 5 } }
Posed { node: Ident(row), pos: Pos { line: 7, column: 9 } }
Posed { node: Assign, pos: Pos { line: 7, column: 13 } }
Posed { node: Ident(intArray), pos: Pos { line: 7, column: 16 } }
Posed { node: OpenBracket, pos: Pos { line: 7, column: 25 } }
Posed { node: Ident(N), pos: Pos { line: 7, column: 27 } }
Posed { node: CloseBracket, pos: Pos { line: 7, column: 29 } }
Posed { node: Ident(of), pos: Pos { line: 7, column: 31 } }
Posed { node: Number(0), pos: Pos { line: 7, column: 34 } }
Posed { node: Ident(var), pos: Pos { line: 8, column: 5 } }
Posed { node: Ident(col), pos: Pos { line: 8, column: 9 } }
Posed { node: Assign, pos: Pos { line: 8, column: 13 } }
Posed { node: Ident(intArray), pos: Pos { line: 8, column: 16 } }
Posed { node: OpenBracket, pos: Pos { line: 8, column: 25 } }
Posed { node: Ident(N), pos: Pos { line: 8, column: 27 } }
Posed { node: CloseBracket, pos: Pos { line: 8, column: 29 } }
Posed { node: Ident(of), pos: Pos { line: 8, column: 31 } }
Posed { node: Number(0), pos: Pos { line: 8, column: 34 } }
Posed { node: Ident(var), pos: Pos { line: 9, column: 5 } }
Posed { node: Ident(diag1), pos: Pos { line: 9, column: 9 } }
Posed { node: Assign, pos: Pos { line: 9, column: 14 } }
Posed { node: Ident(intArray), pos: Pos { line: 9, column: 16 } }
Posed { node: OpenBracket, pos: Pos { line: 9, column: 24 } }
Posed { node: Ident(N), pos: Pos { line: 9, column: 25 } }
Posed { node: Plus, pos: Pos { line: 9, column: 26 } }
Posed { node: Ident(N), pos: Pos { line: 9, column: 27 } }
Posed { node: Minus, pos: Pos { line: 9, column: 28 } }
Posed { node: Number(1), pos: Pos { line: 9, column: 29 } }
Posed { node: CloseBracket, pos: Pos { line: 9, column: 30 } }
Posed { node: Ident(of), pos: Pos { line: 9, column: 32 } }
Posed { node: Number(0), pos: Pos { line: 9, column: 35 } }
Posed { node: Ident(var), pos: Pos { line: 10, column: 5 } }
Posed { node: Ident(diag2), pos: Pos { line: 10, column: 9 } }
Posed { node: Assign, pos: Pos { line: 10, column: 15 } }
Posed { node: Ident(intArray), pos: Pos { line: 10, column: 18 } }
Posed { node: OpenBracket, pos: Pos { line: 10, column: 27 } }
Posed { node: Ident(N), pos: Pos { line: 10, column: 28 } }
Posed { node: Plus, pos: Pos { line: 10, column: 30 } }
Posed { node: Ident(N), pos: Pos { line: 10, column: 32 } }
Posed { node: Minus, pos: Pos { line: 10, column: 34 } }
Posed { node: Number(1), pos: Pos { line: 10, column: 36 } }
Posed { node: CloseBracket, pos: Pos { line: 10, column: 37 } }
Posed { node: Ident(of), pos: Pos { line: 10, column: 39 } }
Posed { node: Number(0), pos: Pos { line: 10, column: 42 } }
Posed { node: Ident(function), pos: Pos { line: 12, column: 5 } }
Posed { node: Ident(printBoard), pos: Pos { line: 12, column: 14 } }
Posed { node: OpenParen, pos: Pos { line: 12, column: 24 } }
Posed { node: CloseParen, pos: Pos { line: 12, column: 25 } }
Posed { node: Eq, pos: Pos { line: 12, column: 27 } }
Posed { node: OpenParen, pos: Pos { line: 12, column: 29 } }
Posed { node: Ident(for), pos: Pos { line: 13, column: 9 } }
Posed { node: Ident(i), pos: Pos { line: 13, column: 13 } }
Posed { node: Assign, pos: Pos { line: 13, column: 15 } }
Posed { node: Number(0), pos: Pos { line: 13, column: 18 } }
Posed { node: Ident(to), pos: Pos { line: 13, column: 20 } }
Posed { node: Ident(N), pos: Pos { line: 13, column: 23 } }
Posed { node: Minus, pos: Pos { line: 13, column: 25 } }
Posed { node: Number(1), pos: Pos { line: 13, column: 27 } }
Posed { node: Ident(do), pos: Pos { line: 13, column: 29 } }
Posed { node: OpenParen, pos: Pos { line: 13, column: 32 } }
Posed { node: Ident(for), pos: Pos { line: 14, column: 13 } }
Posed { node: Ident(j), pos: Pos { line: 14, column: 17 } }
Posed { node: Assign, pos: Pos { line: 14, column: 19 } }
Posed { node: Number(0), pos: Pos { line: 14, column: 22 } }
Posed { node: Ident(to), pos: Pos { line: 14, column: 24 } }
Posed { node: Ident(N), pos: Pos { line: 14, column: 27 } }
Posed { node: Minus, pos: Pos { line: 14, column: 29 } }
Posed { node: Number(1), pos: Pos { line: 14, column: 31 } }
Posed { node: Ident(do), pos: Pos { line: 14, column: 33 } }
Posed { node: Ident(print), pos: Pos { line: 15, column: 17 } }
Posed { node: OpenParen, pos: Pos { line: 15, column: 22 } }
Posed { node: Ident(if), pos: Pos { line: 16, column: 21 } }
Posed { node: Ident(col), pos: Pos { line: 16, column: 24 } }
Posed { node: OpenBracket, pos: Pos { line: 16, column: 27 } }
Posed { node: Ident(i), pos: Pos { line: 16, column: 28 } }
Posed { node: CloseBracket, pos: Pos { line: 16, column: 29 } }
Posed { node: Eq, pos: Pos { line: 16, column: 30 } }
Posed { node: Ident(j), pos: Pos { line: 16, column: 31 } }
Posed { node: Ident(then), pos: Pos { line: 16, column: 33 } }
Posed { node: Str(" O"), pos: Pos { line: 17, column: 25 } }
Posed { node: Ident(else), pos: Pos { line: 18, column: 21 } }
Posed { node: Str(" ."), pos: Pos { line: 19, column: 25 } }
Posed { node: CloseParen, pos: Pos { line: 20, column: 17 } }
Posed { node: SemiColon, pos: Pos { line: 20, column: 18 } }
Posed { node: Ident(print), pos: Pos { line: 21, column: 13 } }
Posed { node: OpenParen, pos: Pos { line: 21, column: 18 } }
Posed { node: Str("\n"), pos: Pos { line: 21, column: 19 } }
Posed { node: CloseParen, pos: Pos { line: 21, column: 23 } }
Posed { node: CloseParen, pos: Pos { line: 22, column: 9 } }
Posed { node: SemiColon, pos: Pos { line: 22, column: 10 } }
Posed { node: Ident(print), pos: Pos { line: 23, column: 9 } }
Posed { node: OpenParen, pos: Pos { line: 23, column: 14 } }
Posed { node: Str("\n"), pos: Pos { line: 23, column: 15 } }
Posed { node: CloseParen, pos: Pos { line: 23, column: 19 } }
Posed { node: CloseParen, pos: Pos { line: 24, column: 5 } }
Posed { node: Ident(function), pos: Pos { line: 26, column: 5 } }
Posed { node: Ident(try), pos: Pos { line: 26, column: 14 } }
Posed { node: OpenParen, pos: Pos { line: 26, column: 17 } }
Posed { node: Ident(c), pos: Pos { line: 26, column: 18 } }
Posed { node: Colon, pos: Pos { line: 26, column: 19 } }
Posed { node: Ident(int), pos: Pos { line: 26, column: 21 } }
Posed { node: CloseParen, pos: Pos { line: 26, column: 24 } }
Posed { node: Eq, pos: Pos { line: 26, column: 26 } }
Posed { node: Ident(if), pos: Pos { line: 27, column: 9 } }
Posed { node: Ident(c), pos: Pos { line: 27, column: 12 } }
Posed { node: Eq, pos: Pos { line: 27, column: 13 } }
Posed { node: Ident(N), pos: Pos { line: 27, column: 14 } }
Posed { node: Ident(then), pos: Pos { line: 27, column: 16 } }
Posed { node: Ident(printBoard), pos: Pos { line: 28, column: 13 } }
Posed { node: OpenParen, pos: Pos { line: 28, column: 23 } }
Posed { node: CloseParen, pos: Pos { line: 28, column: 24 } }
Posed { node: Ident(else), pos: Pos { line: 29, column: 9 } }
Posed { node: Ident(for), pos: Pos { line: 30, column: 13 } }
Posed { node: Ident(r), pos: Pos { line: 30, column: 17 } }
Posed { node: Assign, pos: Pos { line: 30, column: 19 } }
Posed { node: Number(0), pos: Pos { line: 30, column: 22 } }
Posed { node: Ident(to), pos: Pos { line: 30, column: 24 } }
Posed { node: Ident(N), pos: Pos { line: 30, column: 27 } }
Posed { node: Minus, pos: Pos { line: 30, column: 29 } }
Posed { node: Number(1), pos: Pos { line: 30, column: 31 } }
Posed { node: Ident(do), pos: Pos { line: 30, column: 33 } }
Posed { node: Ident(if), pos: Pos { line: 31, column: 17 } }
Posed { node: Ident(row), pos: Pos { line: 31, column: 20 } }
Posed { node: OpenBracket, pos: Pos { line: 31, column: 23 } }
Posed { node: Ident(r), pos: Pos { line: 31, column: 24 } }
Posed { node: CloseBracket, pos: Pos { line: 31, column: 25 } }
Posed { node: Eq, pos: Pos { line: 31, column: 27 } }
Posed { node: Number(0), pos: Pos { line: 31, column: 29 } }
Posed { node: And, pos: Pos { line: 31, column: 31 } }
Posed { node: Ident(diag1), pos: Pos { line: 31, column: 33 } }
Posed { node: OpenBracket, pos: Pos { line: 31, column: 38 } }
Posed { node: Ident(r), pos: Pos { line: 31, column: 39 } }
Posed { node: Plus, pos: Pos { line: 31, column: 41 } }
Posed { node: Ident(c), pos: Pos { line: 31, column: 43 } }
Posed { node: CloseBracket, pos: Pos { line: 31, column: 44 } }
Posed { node: Eq, pos: Pos { line: 31, column: 46 } }
Posed { node: Number(0), pos: Pos { line: 31, column: 48 } }
Posed { node: And, pos: Pos { line: 31, column: 50 } }
Posed { node: Ident(diag2), pos: Pos { line: 31, column: 52 } }
Posed { node: OpenBracket, pos: Pos { line: 31, column: 57 } }
Posed { node: Ident(r), pos: Pos { line: 31, column: 58 } }
Posed { node: Plus, pos: Pos { line: 31, column: 60 } }
Posed { node: Number(7), pos: Pos { line: 31, column: 62 } }
Posed { node: Minus, pos: Pos { line: 31, column: 64 } }
Posed { node: Ident(c), pos: Pos { line: 31, column: 66 } }
Posed { node: CloseBracket, pos: Pos { line: 31, column: 67 } }
Posed { node: Eq, pos: Pos { line: 31, column: 69 } }
Posed { node: Number(0), pos: Pos { line: 31, column: 71 } }
Posed { node: Ident(then), pos: Pos { line: 31, column: 73 } }
Posed { node: OpenParen, pos: Pos { line: 31, column: 78 } }
Posed { node: Ident(row), pos: Pos { line: 32, column: 21 } }
Posed { node: OpenBracket, pos: Pos { line: 32, column: 24 } }
Posed { node: Ident(r), pos: Pos { line: 32, column: 25 } }
Posed { node: CloseBracket, pos: Pos { line: 32, column: 26 } }
Posed { node: Assign, pos: Pos { line: 32, column: 28 } }
Posed { node: Number(1), pos: Pos { line: 32, column: 31 } }
Posed { node: SemiColon, pos: Pos { line: 32, column: 32 } }
Posed { node: Ident(diag1), pos: Pos { line: 33, column: 21 } }
Posed { node: OpenBracket, pos: Pos { line: 33, column: 26 } }
Posed { node: Ident(r), pos: Pos { line: 33, column: 27 } }
Posed { node: Plus, pos: Pos { line: 33, column: 29 } }
Posed { node: Ident(c), pos: Pos { line: 33, column: 31 } }
Posed { node: CloseBracket, pos: Pos { line: 33, column: 32 } }
Posed { node: Assign, pos: Pos { line: 33, column: 34 } }
Posed { node: Number(1), pos: Pos { line: 33, column: 37 } }
Posed { node: SemiColon, pos: Pos { line: 33, column: 38 } }
Posed { node: Ident(diag2), pos: Pos { line: 34, column: 21 } }
Posed { node: OpenBracket, pos: Pos { line: 34, column: 26 } }
Posed { node: Ident(r), pos: Pos { line: 34, column: 27 } }
Posed { node: Plus, pos: Pos { line: 34, column: 29 } }
Posed { node: Number(7), pos: Pos { line: 34, column: 31 } }
Posed { node: Minus, pos: Pos { line: 34, column: 33 } }
Posed { node: Ident(c), pos: Pos { line: 34, column: 35 } }
Posed { node: CloseBracket, pos: Pos { line: 34, column: 36 } }
Posed { node: Assign, pos: Pos { line: 34, column: 38 } }
Posed { node: Number(1), pos: Pos { line: 34, column: 41 } }
Posed { node: SemiColon, pos: Pos { line: 34, column: 42 } }
Posed { node: Ident(col), pos: Pos { line: 35, column: 21 } }
Posed { node: OpenBracket, pos: Pos { line: 35, column: 24 } }
Posed { node: Ident(c), pos: Pos { line: 35, column: 25 } }
Posed { node: CloseBracket, pos: Pos { line: 35, column: 26 } }
Posed { node: Assign, pos: Pos { line: 35, column: 28 } }
Posed { node: Ident(r), pos: Pos { line: 35, column: 31 } }
Posed { node: SemiColon, pos: Pos { line: 35, column: 32 } }
Posed { node: Ident(try), pos: Pos { line: 36, column: 21 } }
Posed { node: OpenParen, pos: Pos { line: 36, column: 24 } }
Posed { node: Ident(c), pos: Pos { line: 36, column: 25 } }
Posed { node: Plus, pos: Pos { line: 36, column: 27 } }
Posed { node: Number(1), pos: Pos { line: 36, column: 29 } }
Posed { node: CloseParen, pos: Pos { line: 36, column: 30 } }
Posed { node: SemiColon, pos: Pos { line: 36, column: 31 } }
Posed { node: Ident(row), pos: Pos { line: 37, column: 21 } }
Posed { node: OpenBracket, pos: Pos { line: 37, column: 24 } }
Posed { node: Ident(r), pos: Pos { line: 37, column: 25 } }
Posed { node: CloseBracket, pos: Pos { line: 37, column: 26 } }
Posed { node: Assign, pos: Pos { line: 37, column: 28 } }
Posed { node: Number(0), pos: Pos { line: 37, column: 31 } }
Posed { node: SemiColon, pos: Pos { line: 37, column: 32 } }
Posed { node: Ident(diag1), pos: Pos { line: 38, column: 21 } }
Posed { node: OpenBracket, pos: Pos { line: 38, column: 26 } }
Posed { node: Ident(r), pos: Pos { line: 38, column: 27 } }
Posed { node: Plus, pos: Pos { line: 38, column: 29 } }
Posed { node: Ident(c), pos: Pos { line: 38, column: 31 } }
Posed { node: CloseBracket, pos: Pos { line: 38, column: 32 } }
Posed { node: Assign, pos: Pos { line: 38, column: 34 } }
Posed { node: Number(0), pos: Pos { line: 38, column: 37 } }
Posed { node: SemiColon, pos: Pos { line: 38, column: 38 } }
Posed { node: Ident(diag2), pos: Pos { line: 39, column: 21 } }
Posed { node: OpenBracket, pos: Pos { line: 39, column: 26 } }
Posed { node: Ident(r), pos: Pos { line: 39, column: 27 } }
Posed { node: Plus, pos: Pos { line: 39, column: 29 } }
Posed { node: Number(7), pos: Pos { line: 39, column: 31 } }
Posed { node: Minus, pos: Pos { line: 39, column: 33 } }
Posed { node: Ident(c), pos: Pos { line: 39, column: 35 } }
Posed { node: CloseBracket, pos: Pos { line: 39, column: 36 } }
Posed { node: Assign, pos: Pos { line: 39, column: 38 } }
Posed { node: Number(0), pos: Pos { line: 39, column: 41 } }
Posed { node: CloseParen, pos: Pos { line: 40, column: 17 } }
Posed { node: Ident(in), pos: Pos { line: 41, column: 1 } }
Posed { node: Ident(try), pos: Pos { line: 42, column: 5 } }
Posed { node: OpenParen, pos: Pos { line: 42, column: 8 } }
Posed { node: Number(0), pos: Pos { line: 42, column: 9 } }
Posed { node: CloseParen, pos: Pos { line: 42, column: 10 } }
Posed { node: Ident(end), pos: Pos { line: 43, column: 1 } }
