---
source: tigerc/tests/test_compile.rs
expression: result
---
global main
section .rodata
__anon_170: db "0", 0
__anon_174: db "9", 0
__anon_213: db " ", 0
__anon_217: db "\n", 0
__anon_250: db "0", 0
__anon_327: db "0", 0
__anon_350: db "-", 0
__anon_356: db "0", 0
__anon_378: db "\n", 0
__anon_379: db " ", 0
section .text
